// Jest Snapshot v1, https://goo.gl/fbAQLP

exports[`Storyshots App full app 1`] = `
<div
  className="App"
>
  <div
    className="App-header"
  >
    <img
      alt="logo"
      className="App-logo"
      src="file-stub"
    />
    <h2>
      Welcome to React
    </h2>
  </div>
  <p
    className="App-intro"
  >
    To get started, edit 
    <code>
      src/App.js
    </code>
     and save to reload.
  </p>
</div>
`;

exports[`Storyshots Button with knobs 1`] = `
<div
  style={
    Object {
      "backgroundColor": "#ffff00",
      "border": "3px solid #ff00ff",
      "padding": "10px",
    }
  }
>
  <p>
    My name is Storyteller, I'm 70 years old, and my favorite fruit is apple.
  </p>
  <p>
    My birthday is: 
    2017-1-20
  </p>
  <p>
    My wallet contains: $
    12.50
  </p>
  <p>
    In my backpack, I have:
  </p>
  <ul>
    <li>
      Laptop
    </li>
    <li>
      Book
    </li>
    <li>
      Whiskey
    </li>
  </ul>
  <p>
    Nice to meet you!
  </p>
</div>
`;

exports[`Storyshots Button with notes 1`] = `
<button
  className="css-1yjiefr"
>
  Check my notes in the notes panel
</button>
`;

exports[`Storyshots Button with some emoji 1`] = `
<button
  className="css-1yjiefr"
  onClick={[Function]}
>
  üòÄ üòé üëç üíØ
</button>
`;

exports[`Storyshots Button with text 1`] = `
<button
  className="css-1yjiefr"
  onClick={[Function]}
>
  Hello Button
</button>
`;

exports[`Storyshots Centered Button with text 1`] = `
<div
  style={
    Object {
      "alignItems": "center",
      "bottom": 0,
      "display": "flex",
      "justifyContent": "center",
      "left": 0,
      "overflow": "auto",
      "position": "fixed",
      "right": 0,
      "top": 0,
    }
  }
>
  <div
    style={
      Object {
        "margin": "auto",
      }
    }
  >
    <button
      className="css-1yjiefr"
      onClick={[Function]}
    >
      Hello Button
    </button>
  </div>
</div>
`;

exports[`Storyshots Welcome to Storybook 1`] = `
<article
  className="css-1fqbdip"
>
  <h1
    className="css-nil"
  >
    Welcome to storybook
  </h1>
  <p>
    This is a UI component dev environment for your app.
  </p>
  <p>
    We've added some basic stories inside the
     
    <code
      className="css-mteq83"
    >
      src/stories
    </code>
     
    directory.
    <br />
    A story is a single state of one or more UI components. You can have as many stories as you want.
    <br />
    (Basically a story is like a visual test case.)
  </p>
  <p>
    See these sample
     
    <a
      className="css-ca0824"
      onClick={[Function]}
      role="button"
      tabIndex="0"
    >
      stories
    </a>
     
    for a component called
     
    <code
      className="css-mteq83"
    >
      Button
    </code>
    .
  </p>
  <p>
    Just like that, you can add your own components as stories.
    <br />
    You can also edit those components and see changes right away.
    <br />
    (Try editing the 
    <code
      className="css-mteq83"
    >
      Button
    </code>
     stories located at 
    <code
      className="css-mteq83"
    >
      src/stories/index.js
    </code>
    .)
  </p>
  <p>
    Usually we create stories with smaller UI components in the app.
    <br />
    Have a look at the
     
    <a
      className="css-ca0824"
      href="https://storybook.js.org/basics/writing-stories"
      rel="noopener noreferrer"
      target="_blank"
    >
      Writing Stories
    </a>
     
    section in our documentation.
  </p>
  <p
    className="css-bwdon3"
  >
    <b>
      NOTE:
    </b>
    <br />
    Have a look at the
     
    <code
      className="css-mteq83"
    >
      .storybook/webpack.config.js
    </code>
     
    to add webpack loaders and plugins you are using in this project.
  </p>
</article>
`;

exports[`Storyshots WithEvents Logger 1`] = `
<div
  style={
    Object {
      "color": "rgb(51, 51, 51)",
      "fontFamily": "
          -apple-system, \\".SFNSText-Regular\\", \\"San Francisco\\", \\"Roboto\\",
          \\"Segoe UI\\", \\"Helvetica Neue\\", \\"Lucida Grande\\", sans-serif
        ",
      "padding": 20,
    }
  }
>
  <h1>
    Logger
  </h1>
  <dl />
</div>
`;
